%!Adobe-FontList 1.16
%Locale:0x419

%BeginFont
Handler:DirectoryHandler
FontType:Type1
FontName:HelveticaNeueCyr-Italic
FamilyName:HelveticaNeueCyr
StyleName:Italic
FullName:HelveticaNeueCyr-Italic
MenuName:HelveticaNeueCyr
StyleBits:1
FamilyNameNative:
StyleNameNative:Italic
FullNameNative:
WritingScript:Cyrillic
OutlineFileName:C:\Users\Alexander\Downloads\QIT_ Folder\Document fonts\HelveticaNeueCyr-Italic.otf
DataFormat:sfntData
UsesStandardEncoding:yes
isCFF:yes
FileLength:27016
FileModTime:1385615911
WeightClass:550
WidthClass:5
AngleClass:1
NameArray:0,Mac,4,HelveticaNeueCyr-Italic
NameArray:0,Win,1,HelveticaNeueCyr
%EndFont

%BeginFont
Handler:DirectoryHandler
FontType:Type1
FontName:HelveticaNeueCyr-Light
FamilyName:HelveticaNeueCyr
StyleName:Light
FullName:HelveticaNeueCyr-Light
MenuName:HelveticaNeueCyr
StyleBits:0
FamilyNameNative:
StyleNameNative:Light
FullNameNative:
WritingScript:Cyrillic
OutlineFileName:C:\Users\Alexander\Downloads\QIT_ Folder\Document fonts\HelveticaNeueCyr-Light_0.otf
DataFormat:sfntData
UsesStandardEncoding:yes
isCFF:yes
FileLength:26060
FileModTime:1391475372
WeightClass:300
WidthClass:5
AngleClass:0
NameArray:0,Mac,4,HelveticaNeueCyr-Light
NameArray:0,Win,1,HelveticaNeueCyr
%EndFont

%BeginFont
Handler:DirectoryHandler
FontType:Type1
FontName:HelveticaNeueCyr-Medium
FamilyName:HelveticaNeueCyr
StyleName:Medium
FullName:HelveticaNeueCyr-Medium
MenuName:HelveticaNeueCyr
StyleBits:0
FamilyNameNative:
StyleNameNative:Medium
FullNameNative:
WritingScript:Cyrillic
OutlineFileName:C:\Users\Alexander\Downloads\QIT_ Folder\Document fonts\HelveticaNeueCyr-Medium.otf
DataFormat:sfntData
UsesStandardEncoding:yes
isCFF:yes
FileLength:26204
FileModTime:1385615910
WeightClass:550
WidthClass:5
AngleClass:0
NameArray:0,Mac,4,HelveticaNeueCyr-Medium
NameArray:0,Win,1,HelveticaNeueCyr
%EndFont

%BeginFont
Handler:DirectoryHandler
FontType:Type1
FontName:HelveticaNeueCyr-Roman
FamilyName:HelveticaNeueCyr
StyleName:Roman
FullName:HelveticaNeueCyr-Roman
MenuName:HelveticaNeueCyr
StyleBits:0
FamilyNameNative:
StyleNameNative:Roman
FullNameNative:
WritingScript:Cyrillic
OutlineFileName:C:\Users\Alexander\Downloads\QIT_ Folder\Document fonts\HelveticaNeueCyr-Roman_0.otf
DataFormat:sfntData
UsesStandardEncoding:yes
isCFF:yes
FileLength:25548
FileModTime:1391475372
WeightClass:400
WidthClass:5
AngleClass:0
NameArray:0,Mac,4,HelveticaNeueCyr-Roman
NameArray:0,Win,1,HelveticaNeueCyr
%EndFont

%BeginFont
Handler:DirectoryHandler
FontType:Type1
FontName:HelveticaNeueCyr-Thin
FamilyName:HelveticaNeueCyr
StyleName:Thin
FullName:HelveticaNeueCyr-Thin
MenuName:HelveticaNeueCyr
StyleBits:0
FamilyNameNative:
StyleNameNative:Thin
FullNameNative:
WritingScript:Cyrillic
OutlineFileName:C:\Users\Alexander\Downloads\QIT_ Folder\Document fonts\HelveticaNeueCyr-Thin.otf
DataFormat:sfntData
UsesStandardEncoding:yes
isCFF:yes
FileLength:25916
FileModTime:1385615910
WeightClass:100
WidthClass:5
AngleClass:0
NameArray:0,Mac,4,HelveticaNeueCyr-Thin
NameArray:0,Win,1,HelveticaNeueCyr
%EndFont

%BeginFont
Handler:DirectoryHandler
FontType:Type1
FontName:HelveticaNeueCyr-ThinItalic
FamilyName:HelveticaNeueCyr
StyleName:Thin Italic
FullName:HelveticaNeueCyr-ThinItalic
MenuName:HelveticaNeueCyr
StyleBits:1
FamilyNameNative:
StyleNameNative:Thin Italic
FullNameNative:
WritingScript:Cyrillic
OutlineFileName:C:\Users\Alexander\Downloads\QIT_ Folder\Document fonts\HelveticaNeueCyr-ThinItalic.otf
DataFormat:sfntData
UsesStandardEncoding:yes
isCFF:yes
FileLength:27704
FileModTime:1385615910
WeightClass:100
WidthClass:5
AngleClass:1
NameArray:0,Mac,4,HelveticaNeueCyr-ThinItalic
NameArray:0,Win,1,HelveticaNeueCyr
%EndFont

%BeginFont
Handler:DirectoryHandler
FontType:TrueType
FontName:Sylfaen
FamilyName:Sylfaen
StyleName:Regular
FullName:Sylfaen
MenuName:Sylfaen
StyleBits:0
WritingScript:Roman
OutlineFileName:C:\Users\Alexander\Downloads\QIT_ Folder\Document fonts\sylfaen.ttf
DataFormat:sfntData
FileLength:255108
FileModTime:1371567444
WeightClass:400
WidthClass:5
AngleClass:0
NameArray:0,Mac,4,Sylfaen
NameArray:0,Win,1,Sylfaen
%EndFont

